0 verbose cli /Users/sirvisettibalapavan/.jenkins/tools/jenkins.plugins.nodejs.tools.NodeJSInstallation/node/bin/node /Users/sirvisettibalapavan/.jenkins/tools/jenkins.plugins.nodejs.tools.NodeJSInstallation/node/lib/node_modules/npm/bin/npm-cli.js
1 info using npm@12.0.1
2 info using node@v26.5.0
3 silly config load:file:/Users/sirvisettibalapavan/.jenkins/tools/jenkins.plugins.nodejs.tools.NodeJSInstallation/node/lib/node_modules/npm/npmrc
4 silly config load:file:/Users/sirvisettibalapavan/Softwares_learning/playwright_learning/.npmrc
5 silly config load:file:/Users/sirvisettibalapavan/.npmrc
6 silly config load:file:/Users/sirvisettibalapavan/.jenkins/tools/jenkins.plugins.nodejs.tools.NodeJSInstallation/node/etc/npmrc
7 verbose title npm exec playwright test
8 verbose argv "exec" "--" "playwright" "test"
9 verbose logfile logs-max:10 dir:/Users/sirvisettibalapavan/Softwares_learning/playwright_learning/.npm/_logs/2026-07-11T10_32_29_971Z-
10 verbose logfile /Users/sirvisettibalapavan/Softwares_learning/playwright_learning/.npm/_logs/2026-07-11T10_32_29_971Z-debug-0.log
11 silly logfile done cleaning log files
12 notice run playwright_learning@1.0.0 npx
13 notice run 'playwright' test
14 verbose cwd /Users/sirvisettibalapavan/Softwares_learning/playwright_learning
15 verbose os Darwin 25.5.0
16 verbose node v26.5.0
17 verbose npm  v12.0.1
18 verbose exit 1
19 verbose code 1
